Java HotSpot(TM) 64-Bit Server VM (25.45-b02) for bsd-amd64 JRE (1.8.0_45-b14), built on Apr 10 2015 10:46:38 by "java_re" with gcc 4.2.1 (Based on Apple Inc. build 5658) (LLVM build 2336.11.00)
Memory: 4k page, physical 16777216k(69152k free)

/proc/meminfo:

CommandLine flags: -XX:InitialHeapSize=8522825728 -XX:MaxHeapSize=15854469120 -XX:NewRatio=3 -XX:+PrintGC -XX:+PrintGCDetails -XX:+PrintGCTimeStamps -XX:+UseCompressedClassPointers -XX:+UseCompressedOops -XX:+UseParallelGC 
36.149: [GC (Metadata GC Threshold) [PSYoungGen: 717868K->8724K(1820672K)] 717868K->8820K(8062976K), 0.0099809 secs] [Times: user=0.05 sys=0.01, real=0.01 secs] 
36.160: [Full GC (Metadata GC Threshold) [PSYoungGen: 8724K->0K(1820672K)] [ParOldGen: 96K->8492K(6242304K)] 8820K->8492K(8062976K), [Metaspace: 20944K->20935K(1069056K)], 0.0314301 secs] [Times: user=0.11 sys=0.00, real=0.03 secs] 
232.255: [GC (Allocation Failure) [PSYoungGen: 1560576K->50891K(1820672K)] 1569068K->59392K(8062976K), 0.0471790 secs] [Times: user=0.16 sys=0.04, real=0.04 secs] 
356.483: [GC (Allocation Failure) [PSYoungGen: 1611467K->188750K(1820672K)] 1619968K->197291K(8062976K), 0.1093845 secs] [Times: user=0.46 sys=0.17, real=0.11 secs] 
374.898: [GC (Allocation Failure) [PSYoungGen: 1749326K->258427K(1820672K)] 1757867K->266977K(8062976K), 0.1208583 secs] [Times: user=0.57 sys=0.17, real=0.13 secs] 
375.930: [GC (Allocation Failure) [PSYoungGen: 1819003K->260088K(1820672K)] 1827553K->353754K(8062976K), 0.2060045 secs] [Times: user=0.77 sys=0.13, real=0.20 secs] 
376.968: [GC (Allocation Failure) [PSYoungGen: 1820664K->345460K(3325440K)] 1914330K->439126K(9567744K), 0.3539991 secs] [Times: user=0.92 sys=0.27, real=0.36 secs] 
393.017: [GC (Allocation Failure) [PSYoungGen: 3240308K->452997K(3347968K)] 3333974K->596671K(9590272K), 0.4092428 secs] [Times: user=1.27 sys=0.33, real=0.41 secs] 
407.960: [GC (Allocation Failure) [PSYoungGen: 3347845K->466208K(3122688K)] 3491519K->755121K(9364992K), 0.3577640 secs] [Times: user=1.50 sys=0.15, real=0.36 secs] 
422.234: [GC (Allocation Failure) [PSYoungGen: 3066144K->456384K(3056640K)] 3355057K->897761K(9298944K), 0.2915660 secs] [Times: user=1.54 sys=0.12, real=0.29 secs] 
424.514: [GC (Allocation Failure) [PSYoungGen: 3056320K->283872K(3236352K)] 3497697K->1041145K(9478656K), 0.4109094 secs] [Times: user=1.64 sys=0.30, real=0.41 secs] 
442.189: [GC (Allocation Failure) [PSYoungGen: 2846944K->140672K(2703872K)] 3604217K->1183153K(8946176K), 0.2615302 secs] [Times: user=1.30 sys=0.22, real=0.26 secs] 
460.462: [GC (Allocation Failure) [PSYoungGen: 2703744K->141024K(3200512K)] 3746225K->1324769K(9442816K), 0.1515921 secs] [Times: user=0.83 sys=0.10, real=0.16 secs] 
481.990: [GC (Allocation Failure) [PSYoungGen: 2717920K->140864K(3186688K)] 3901665K->1466481K(9428992K), 0.1681372 secs] [Times: user=0.81 sys=0.10, real=0.17 secs] 
501.414: [GC (Allocation Failure) [PSYoungGen: 2717760K->140928K(3244032K)] 4043377K->1608105K(9486336K), 0.1497353 secs] [Times: user=0.78 sys=0.09, real=0.15 secs] 
513.112: [GC (Allocation Failure) [PSYoungGen: 2795136K->145312K(3231232K)] 4262313K->1754129K(9473536K), 0.1429443 secs] [Times: user=0.79 sys=0.11, real=0.15 secs] 
534.456: [GC (Allocation Failure) [PSYoungGen: 2799520K->145472K(3274240K)] 4408337K->1900305K(9516544K), 0.2215595 secs] [Times: user=0.85 sys=0.13, real=0.22 secs] 
554.003: [GC (Allocation Failure) [PSYoungGen: 2868800K->150048K(3261440K)] 4623633K->2050937K(9503744K), 0.1888915 secs] [Times: user=0.82 sys=0.14, real=0.19 secs] 
562.224: [GC (Allocation Failure) [PSYoungGen: 2873376K->148768K(3312128K)] 4774265K->2200393K(9554432K), 0.1546019 secs] [Times: user=0.82 sys=0.12, real=0.16 secs] 
580.817: [GC (Allocation Failure) [PSYoungGen: 2950944K->155008K(3299328K)] 5002569K->2356337K(9541632K), 0.2199371 secs] [Times: user=0.79 sys=0.14, real=0.22 secs] 
599.105: [GC (Allocation Failure) [PSYoungGen: 2957184K->153056K(3353600K)] 5158513K->2510249K(9595904K), 0.2327381 secs] [Times: user=0.80 sys=0.13, real=0.23 secs] 
616.325: [GC (Allocation Failure) [PSYoungGen: 3036640K->157568K(3340288K)] 5393833K->2668657K(9582592K), 0.2805087 secs] [Times: user=0.92 sys=0.16, real=0.28 secs] 
642.327: [GC (Allocation Failure) [PSYoungGen: 3041152K->157472K(3395584K)] 5552241K->2827001K(9637888K), 0.2325427 secs] [Times: user=1.02 sys=0.18, real=0.23 secs] 
650.882: [GC (Allocation Failure) [PSYoungGen: 3119904K->161664K(3380736K)] 5789433K->2989537K(9623040K), 0.2222787 secs] [Times: user=0.93 sys=0.13, real=0.22 secs] 
666.549: [GC (Allocation Failure) [PSYoungGen: 3124096K->161536K(3435008K)] 5951969K->3151889K(9677312K), 0.1541142 secs] [Times: user=0.92 sys=0.11, real=0.16 secs] 
694.703: [GC (Allocation Failure) [PSYoungGen: 3198208K->165760K(3418624K)] 6188561K->3318609K(9660928K), 0.1992081 secs] [Times: user=0.98 sys=0.15, real=0.19 secs] 
720.951: [GC (Allocation Failure) [PSYoungGen: 3202432K->165536K(3471360K)] 6355281K->3485089K(9713664K), 0.1622765 secs] [Times: user=0.94 sys=0.11, real=0.16 secs] 
743.712: [GC (Allocation Failure) [PSYoungGen: 3271840K->171776K(3455488K)] 6591393K->3657489K(9697792K), 0.2144806 secs] [Times: user=0.99 sys=0.15, real=0.22 secs] 
758.168: [GC (Allocation Failure) [PSYoungGen: 3278080K->168800K(3504128K)] 6763793K->3827025K(9746432K), 0.1598373 secs] [Times: user=0.94 sys=0.12, real=0.16 secs] 
781.004: [GC (Allocation Failure) [PSYoungGen: 3339104K->170432K(3490304K)] 6997329K->3998385K(9732608K), 0.2221566 secs] [Times: user=1.08 sys=0.16, real=0.22 secs] 
1071.744: [GC (Allocation Failure) [PSYoungGen: 3340736K->94192K(3220992K)] 7168689K->4093298K(9463296K), 0.3594398 secs] [Times: user=0.92 sys=0.30, real=0.36 secs] 
1214.923: [GC (Allocation Failure) [PSYoungGen: 3158512K->48832K(3012096K)] 7157618K->4142072K(9254400K), 0.1293409 secs] [Times: user=0.68 sys=0.08, real=0.13 secs] 
1216.689: [GC (Allocation Failure) [PSYoungGen: 3011776K->32K(3266048K)] 7105016K->4142120K(9508352K), 0.0445125 secs] [Times: user=0.27 sys=0.04, real=0.04 secs] 
1410.390: [GC (Allocation Failure) [PSYoungGen: 2951712K->66392K(2921984K)] 7093800K->4208488K(9164288K), 0.0648534 secs] [Times: user=0.35 sys=0.02, real=0.07 secs] 
1718.068: [GC (Allocation Failure) [PSYoungGen: 2921816K->75248K(2973696K)] 7063912K->4280339K(9216000K), 0.2265700 secs] [Times: user=0.63 sys=0.35, real=0.23 secs] 
1719.871: [GC (Allocation Failure) [PSYoungGen: 2838512K->32K(3074560K)] 7043603K->4280427K(9316864K), 0.0729827 secs] [Times: user=0.34 sys=0.05, real=0.07 secs] 
1723.321: [GC (Allocation Failure) [PSYoungGen: 2763296K->53940K(3544064K)] 7043691K->4334335K(9786368K), 0.0375223 secs] [Times: user=0.19 sys=0.04, real=0.03 secs] 
2083.677: [GC (Allocation Failure) [PSYoungGen: 3298996K->94832K(3550208K)] 7579391K->4428411K(9792512K), 0.3791693 secs] [Times: user=0.59 sys=0.46, real=0.38 secs] 
2279.493: [GC (Allocation Failure) [PSYoungGen: 3339888K->44192K(3278848K)] 7673467K->4472529K(9521152K), 0.1012623 secs] [Times: user=0.62 sys=0.07, real=0.11 secs] 
2281.327: [GC (Allocation Failure) [PSYoungGen: 3180192K->32K(3416576K)] 7608529K->4472529K(9658880K), 0.0635252 secs] [Times: user=0.27 sys=0.04, real=0.06 secs] 
2284.784: [GC (Allocation Failure) [PSYoungGen: 3136032K->162800K(3574784K)] 7608529K->4635297K(9817088K), 0.1106402 secs] [Times: user=0.46 sys=0.11, real=0.11 secs] 
2296.283: [GC (Allocation Failure) [PSYoungGen: 3458032K->180672K(3475968K)] 7930529K->4816481K(9718272K), 0.3501198 secs] [Times: user=0.97 sys=0.46, real=0.35 secs] 
2308.141: [GC (Allocation Failure) [PSYoungGen: 3475904K->178144K(3557376K)] 8111713K->4995049K(9799680K), 0.2246405 secs] [Times: user=0.99 sys=0.18, real=0.23 secs] 
2320.262: [GC (Allocation Failure) [PSYoungGen: 3436512K->178624K(3437056K)] 8253417K->5174497K(9679360K), 0.1825355 secs] [Times: user=0.98 sys=0.13, real=0.18 secs] 
2337.287: [GC (Allocation Failure) [PSYoungGen: 3436992K->178912K(3554304K)] 8432865K->5354257K(9796608K), 0.2623066 secs] [Times: user=0.99 sys=0.17, real=0.26 secs] 
2348.979: [GC (Allocation Failure) [PSYoungGen: 3421920K->178624K(3421696K)] 8597265K->5533737K(9664000K), 0.2120357 secs] [Times: user=0.98 sys=0.13, real=0.21 secs] 
2647.764: [GC (Allocation Failure) [PSYoungGen: 3421632K->102328K(3569664K)] 8776745K->5637025K(9811968K), 0.2548640 secs] [Times: user=0.97 sys=0.16, real=0.26 secs] 
3030.083: [GC (Allocation Failure) [PSYoungGen: 3357624K->98945K(3354624K)] 8892321K->5732440K(9596928K), 0.1404616 secs] [Times: user=0.87 sys=0.06, real=0.14 secs] 
3062.142: [GC (Allocation Failure) [PSYoungGen: 3354241K->7248K(3333120K)] 8987736K->5739584K(9575424K), 0.0944405 secs] [Times: user=0.44 sys=0.07, real=0.10 secs] 
3064.094: [GC (Allocation Failure) [PSYoungGen: 3152976K->32K(3041280K)] 8885312K->5739544K(9283584K), 0.0244333 secs] [Times: user=0.10 sys=0.01, real=0.03 secs] 
3358.776: [GC (Allocation Failure) [PSYoungGen: 3040800K->85464K(3102208K)] 8780312K->5824984K(9344512K), 0.0754849 secs] [Times: user=0.44 sys=0.01, real=0.08 secs] 
3759.034: [GC (Allocation Failure) [PSYoungGen: 3025880K->90561K(2935296K)] 8765400K->5911825K(9177600K), 0.1420788 secs] [Times: user=0.78 sys=0.07, real=0.15 secs] 
3846.160: [GC (Allocation Failure) [PSYoungGen: 2935233K->15168K(2919936K)] 8756497K->5926857K(9162240K), 0.1068198 secs] [Times: user=0.52 sys=0.09, real=0.11 secs] 
3847.776: [GC (Allocation Failure) [PSYoungGen: 2768192K->32K(2665984K)] 8679881K->5926809K(8908288K), 0.0335729 secs] [Times: user=0.14 sys=0.02, real=0.03 secs] 
3856.702: [GC (Allocation Failure) [PSYoungGen: 2665504K->76892K(2722304K)] 8592281K->6003669K(8964608K), 0.0505035 secs] [Times: user=0.28 sys=0.02, real=0.05 secs] 
4312.171: [GC (Allocation Failure) [PSYoungGen: 2658396K->74360K(2575872K)] 8585173K->6076925K(8818176K), 0.1982145 secs] [Times: user=0.58 sys=0.21, real=0.19 secs] 
4454.551: [GC (Allocation Failure) [PSYoungGen: 2575480K->72944K(2548736K)] 8578045K->6144555K(8791040K), 0.1183089 secs] [Times: user=0.68 sys=0.05, real=0.12 secs] 
4454.669: [Full GC (Ergonomics) [PSYoungGen: 72944K->0K(2548736K)] [ParOldGen: 6071611K->6007285K(7744512K)] 6144555K->6007285K(10293248K), [Metaspace: 29017K->29017K(1075200K)], 25.2795611 secs] [Times: user=138.00 sys=16.55, real=25.28 secs] 
4555.239: [GC (Allocation Failure) [PSYoungGen: 2424320K->41681K(2392064K)] 8431605K->6048966K(10136576K), 0.2523964 secs] [Times: user=0.36 sys=0.69, real=0.26 secs] 
4557.322: [GC (Allocation Failure) [PSYoungGen: 2391761K->32K(2556928K)] 8399046K->6048918K(10301440K), 0.0547041 secs] [Times: user=0.22 sys=0.13, real=0.05 secs] 
4558.649: [GC (Allocation Failure) [PSYoungGen: 2350112K->64K(2556928K)] 8398998K->6048958K(10301440K), 0.0067400 secs] [Times: user=0.04 sys=0.00, real=0.01 secs] 
4570.548: [GC (Allocation Failure) [PSYoungGen: 2350144K->105160K(2882560K)] 8399038K->6154054K(10627072K), 0.0695141 secs] [Times: user=0.35 sys=0.08, real=0.07 secs] 
4587.350: [GC (Allocation Failure) [PSYoungGen: 2788040K->144496K(2889216K)] 8836934K->6298894K(10633728K), 0.2351994 secs] [Times: user=0.73 sys=0.42, real=0.24 secs] 
4603.983: [GC (Allocation Failure) [PSYoungGen: 2827376K->147008K(3290112K)] 8981774K->6446566K(11034624K), 0.1514901 secs] [Times: user=0.88 sys=0.21, real=0.15 secs] 
4622.454: [GC (Allocation Failure) [PSYoungGen: 3215424K->168544K(3302400K)] 9514982K->6615695K(11046912K), 0.3265544 secs] [Times: user=1.12 sys=0.33, real=0.33 secs] 
4640.989: [GC (Allocation Failure) [PSYoungGen: 3236960K->167904K(3594240K)] 9684111K->6784519K(11338752K), 0.3598172 secs] [Times: user=1.30 sys=0.43, real=0.36 secs] 
4661.067: [GC (Allocation Failure) [PSYoungGen: 3511264K->183296K(3527168K)] 10127879K->6968711K(11271680K), 0.3547590 secs] [Times: user=1.27 sys=0.27, real=0.35 secs] 
4681.266: [GC (Allocation Failure) [PSYoungGen: 3526656K->183744K(3568640K)] 10312071K->7153447K(11313152K), 0.2672463 secs] [Times: user=1.29 sys=0.24, real=0.27 secs] 
4700.906: [GC (Allocation Failure) [PSYoungGen: 3473856K->180064K(3470336K)] 10443559K->7334511K(11214848K), 0.2464524 secs] [Times: user=1.09 sys=0.17, real=0.25 secs] 
4720.744: [GC (Allocation Failure) [PSYoungGen: 3470176K->179968K(3564544K)] 10624623K->7515455K(11309056K), 0.2704614 secs] [Times: user=1.13 sys=0.23, real=0.27 secs] 
4740.284: [GC (Allocation Failure) [PSYoungGen: 3447552K->178976K(3446784K)] 10783039K->7695423K(11191296K), 0.2631552 secs] [Times: user=1.13 sys=0.17, real=0.26 secs] 
4740.547: [Full GC (Ergonomics) [PSYoungGen: 178976K->0K(3446784K)] [ParOldGen: 7516447K->7674180K(10227712K)] 7695423K->7674180K(13674496K), [Metaspace: 29017K->29017K(1075200K)], 43.8560819 secs] [Times: user=257.29 sys=24.14, real=43.86 secs] 
4814.459: [GC (Allocation Failure) [PSYoungGen: 3267584K->179232K(3566592K)] 10941764K->7853412K(13794304K), 0.9338973 secs] [Times: user=0.75 sys=3.00, real=0.94 secs] 
4836.113: [GC (Allocation Failure) [PSYoungGen: 3442720K->303584K(3567104K)] 11116900K->8031852K(13794816K), 0.5000053 secs] [Times: user=1.06 sys=1.54, real=0.50 secs] 
4856.119: [GC (Allocation Failure) [PSYoungGen: 3567072K->180160K(3462656K)] 11295340K->8213788K(13690368K), 0.2371334 secs] [Times: user=1.40 sys=0.22, real=0.24 secs] 
4875.095: [GC (Allocation Failure) [PSYoungGen: 3339200K->352704K(3511808K)] 11372828K->8386332K(13739520K), 0.1410149 secs] [Times: user=0.95 sys=0.01, real=0.15 secs] 
4894.021: [GC (Allocation Failure) [PSYoungGen: 3511744K->358880K(3204608K)] 11545372K->8559564K(13432320K), 0.2908089 secs] [Times: user=1.46 sys=0.42, real=0.29 secs] 
4910.957: [GC (Allocation Failure) [PSYoungGen: 3204576K->201888K(3358208K)] 11405260K->8716524K(13585920K), 0.2784468 secs] [Times: user=1.43 sys=0.21, real=0.28 secs] 
4927.886: [GC (Allocation Failure) [PSYoungGen: 3047584K->357152K(3333632K)] 11562220K->8871788K(13561344K), 0.1438022 secs] [Times: user=0.99 sys=0.01, real=0.15 secs] 
4944.652: [GC (Allocation Failure) [PSYoungGen: 3205920K->510944K(3359744K)] 11720556K->9029164K(13587456K), 0.1753856 secs] [Times: user=1.33 sys=0.01, real=0.17 secs] 
4961.607: [GC (Allocation Failure) [PSYoungGen: 3359712K->467840K(3113984K)] 11877932K->9185468K(13341696K), 0.3869708 secs] [Times: user=1.88 sys=0.21, real=0.39 secs] 
4977.499: [GC (Allocation Failure) [PSYoungGen: 3070848K->609408K(3212800K)] 11788476K->9327036K(13440512K), 0.2015596 secs] [Times: user=1.55 sys=0.01, real=0.21 secs] 
4993.064: [GC (Allocation Failure) [PSYoungGen: 3212416K->657888K(2841088K)] 11930044K->9470452K(13068800K), 0.3046083 secs] [Times: user=1.98 sys=0.08, real=0.30 secs] 
5006.262: [GC (Allocation Failure) [PSYoungGen: 2841056K->558016K(2741248K)] 11653620K->9590172K(12968960K), 0.3262036 secs] [Times: user=2.02 sys=0.16, real=0.32 secs] 
5019.300: [GC (Allocation Failure) [PSYoungGen: 2741184K->676128K(2876928K)] 11773340K->9708284K(13104640K), 0.2181663 secs] [Times: user=1.65 sys=0.01, real=0.22 secs] 
5077.379: [GC (Allocation Failure) [PSYoungGen: 2683168K->763148K(2770432K)] 11715324K->9795312K(12998144K), 0.3080638 secs] [Times: user=1.93 sys=0.01, real=0.31 secs] 
5164.026: [GC (Allocation Failure) [PSYoungGen: 2770188K->820368K(2693120K)] 11802352K->9852532K(12920832K), 0.4079102 secs] [Times: user=2.27 sys=0.02, real=0.41 secs] 
5243.766: [GC (Allocation Failure) [PSYoungGen: 2501776K->864624K(2546176K)] 11533940K->9896788K(12773888K), 0.3814036 secs] [Times: user=2.40 sys=0.01, real=0.38 secs] 
5320.087: [GC (Allocation Failure) [PSYoungGen: 2546032K->908865K(2536960K)] 11578196K->9941029K(12764672K), 0.4344891 secs] [Times: user=2.69 sys=0.02, real=0.43 secs] 
5393.411: [GC (Allocation Failure) [PSYoungGen: 2269761K->909441K(2270720K)] 11301925K->9941605K(12498432K), 0.3863498 secs] [Times: user=2.50 sys=0.03, real=0.39 secs] 
5545.039: [GC (Allocation Failure) [PSYoungGen: 2270337K->612225K(2619904K)] 11302501K->9942733K(12847616K), 0.6973960 secs] [Times: user=2.43 sys=0.33, real=0.70 secs] 
5746.353: [GC (Allocation Failure) [PSYoungGen: 1941889K->614273K(1944064K)] 11272397K->9944781K(12171776K), 0.2796144 secs] [Times: user=1.75 sys=0.01, real=0.28 secs] 
5825.894: [GC (Allocation Failure) [PSYoungGen: 1943937K->615185K(2468864K)] 11274445K->9945693K(12696576K), 0.3036819 secs] [Times: user=1.81 sys=0.01, real=0.31 secs] 
5826.998: [GC (Allocation Failure) [PSYoungGen: 1970449K->615169K(2495488K)] 11300957K->9945677K(12723200K), 0.2981911 secs] [Times: user=1.86 sys=0.00, real=0.30 secs] 
5828.054: [GC (Allocation Failure) [PSYoungGen: 1970433K->353713K(2614784K)] 11300941K->9947157K(12842496K), 0.4896351 secs] [Times: user=1.97 sys=0.24, real=0.49 secs] 
5829.451: [GC (Allocation Failure) [PSYoungGen: 1876401K->150881K(2607616K)] 11469845K->9948145K(12835328K), 0.3556197 secs] [Times: user=1.30 sys=0.25, real=0.36 secs] 
5830.797: [GC (Allocation Failure) [PSYoungGen: 1673569K->54977K(2716672K)] 11470833K->9948465K(12944384K), 0.1739723 secs] [Times: user=0.74 sys=0.09, real=0.17 secs] 
5830.971: [Full GC (Ergonomics) [PSYoungGen: 54977K->0K(2716672K)] [ParOldGen: 9893488K->9869868K(11612160K)] 9948465K->9869868K(14328832K), [Metaspace: 29021K->29021K(1075200K)], 49.9573020 secs] [Times: user=251.94 sys=43.30, real=49.96 secs] 
5884.722: [GC (Allocation Failure) [PSYoungGen: 1610752K->96K(1611264K)] 11480620K->9869964K(13223424K), 0.6882290 secs] [Times: user=0.19 sys=2.29, real=0.69 secs] 
5886.371: [GC (Allocation Failure) [PSYoungGen: 1610848K->256K(2716672K)] 11480716K->9870124K(14328832K), 0.0118389 secs] [Times: user=0.08 sys=0.00, real=0.01 secs] 
5919.166: [GC (Allocation Failure) [PSYoungGen: 1569024K->15883K(1585152K)] 11438892K->9885759K(13197312K), 0.0267057 secs] [Times: user=0.17 sys=0.00, real=0.03 secs] 
6219.627: [GC (Allocation Failure) [PSYoungGen: 1584651K->58968K(2739200K)] 11454527K->9928844K(14351360K), 0.1725829 secs] [Times: user=0.35 sys=0.28, real=0.17 secs] 
6636.917: [GC (Allocation Failure) [PSYoungGen: 1658968K->104976K(1705472K)] 11528844K->9974876K(13317632K), 0.3150375 secs] [Times: user=0.50 sys=0.47, real=0.32 secs] 
7047.757: [GC (Allocation Failure) [PSYoungGen: 1704976K->147120K(2740736K)] 11574876K->10017020K(14352896K), 0.1995232 secs] [Times: user=0.67 sys=0.22, real=0.20 secs] 
7490.348: [GC (Allocation Failure) [PSYoungGen: 1817776K->178145K(2690560K)] 11687676K->10048045K(14302720K), 0.3856906 secs] [Times: user=0.71 sys=0.58, real=0.38 secs] 
7694.925: [GC (Allocation Failure) [PSYoungGen: 1848801K->178465K(2612224K)] 11718701K->10048365K(14224384K), 0.2806006 secs] [Times: user=0.68 sys=0.37, real=0.28 secs] 
7811.511: [GC (Allocation Failure) [PSYoungGen: 1944353K->178977K(2679296K)] 11814253K->10048877K(14291456K), 0.3274883 secs] [Times: user=0.65 sys=0.42, real=0.33 secs] 
7850.245: [GC (Allocation Failure) [PSYoungGen: 1944865K->181185K(2590720K)] 11814765K->10051085K(14202880K), 0.1097634 secs] [Times: user=0.71 sys=0.01, real=0.11 secs] 
7851.436: [GC (Allocation Failure) [PSYoungGen: 2017217K->181153K(2652160K)] 11887117K->10051053K(14264320K), 0.2879214 secs] [Times: user=0.73 sys=0.33, real=0.29 secs] 
7852.845: [GC (Allocation Failure) [PSYoungGen: 2017185K->126017K(2794496K)] 11887085K->10051288K(14406656K), 0.1778122 secs] [Times: user=0.80 sys=0.13, real=0.18 secs] 
7854.290: [GC (Allocation Failure) [PSYoungGen: 2190913K->42065K(2803712K)] 12116184K->10051504K(14415872K), 0.2319454 secs] [Times: user=0.72 sys=0.26, real=0.23 secs] 
7855.648: [GC (Allocation Failure) [PSYoungGen: 2106961K->3168K(3008000K)] 12116400K->10051584K(14620160K), 0.0621443 secs] [Times: user=0.24 sys=0.06, real=0.07 secs] 
7859.817: [GC (Allocation Failure) [PSYoungGen: 2333280K->20416K(3035136K)] 12381696K->10071880K(14647296K), 0.1454870 secs] [Times: user=0.16 sys=0.19, real=0.15 secs] 
7958.862: [GC (Allocation Failure) [PSYoungGen: 2350528K->101664K(3083776K)] 12401992K->10153128K(14695936K), 0.2689130 secs] [Times: user=0.41 sys=0.41, real=0.27 secs] 
8158.428: [GC (Allocation Failure) [PSYoungGen: 2584352K->167992K(3127296K)] 12635816K->10219456K(14739456K), 0.5191600 secs] [Times: user=0.69 sys=0.84, real=0.52 secs] 
8351.224: [GC (Allocation Failure) [PSYoungGen: 2650680K->231869K(3192320K)] 12702144K->10283334K(14804480K), 0.8581627 secs] [Times: user=1.00 sys=1.20, real=0.86 secs] 
Heap
 PSYoungGen      total 3192320K, used 399865K [0x00000006d3c00000, 0x00000007bac80000, 0x00000007c0000000)
  eden space 2629120K, 6% used [0x00000006d3c00000,0x00000006de00f158,0x0000000774380000)
  from space 563200K, 41% used [0x0000000798680000,0x00000007a68ef4a0,0x00000007bac80000)
  to   space 578048K, 0% used [0x0000000774380000,0x0000000774380000,0x0000000797800000)
 ParOldGen       total 11612160K, used 10051464K [0x000000040f000000, 0x00000006d3c00000, 0x00000006d3c00000)
  object space 11612160K, 86% used [0x000000040f000000,0x00000006747e2388,0x00000006d3c00000)
 Metaspace       used 29049K, capacity 29322K, committed 29568K, reserved 1075200K
  class space    used 3323K, capacity 3399K, committed 3456K, reserved 1048576K
